set -o pipefail; /usr/bin/mariadb-dump --user=_a59257981a557c44 --host=127.0.0.1 --port=3306 --password=********** --single-transaction --quick --lock-tables=false _a59257981a557c44 | /usr/bin/gzip >> ./tu.day1/private/backups/20260529_000003-tu_day1-database.sql.gz

Backup Summary for tu.day1 at 2026-05-29 00:00:04.939335
Config  : /home/tund/study/day1/sites/tu.day1/private/backups/20260529_000003-tu_day1-site_config_backup.json 127.0B
Database: /home/tund/study/day1/sites/tu.day1/private/backups/20260529_000003-tu_day1-database.sql.gz 248.0KiB
Backup for Site tu.day1 has been successfully completed
set -o pipefail; /usr/bin/mariadb-dump --user=_a59257981a557c44 --host=127.0.0.1 --port=3306 --password=********** --single-transaction --quick --lock-tables=false _a59257981a557c44 | /usr/bin/gzip >> ./tu.day1/private/backups/20260530_000002-tu_day1-database.sql.gz

Backup Summary for tu.day1 at 2026-05-30 00:00:03.091801
Config  : /home/tund/study/day1/sites/tu.day1/private/backups/20260530_000002-tu_day1-site_config_backup.json 149.0B
Database: /home/tund/study/day1/sites/tu.day1/private/backups/20260530_000002-tu_day1-database.sql.gz 250.1KiB
Backup for Site tu.day1 has been successfully completed
set -o pipefail; /usr/bin/mariadb-dump --user=_a59257981a557c44 --host=127.0.0.1 --port=3306 --password=********** --single-transaction --quick --lock-tables=false _a59257981a557c44 | /usr/bin/gzip >> ./tu.day1/private/backups/20260530_060002-tu_day1-database.sql.gz

Backup Summary for tu.day1 at 2026-05-30 06:00:02.622565
Config  : /home/tund/study/day1/sites/tu.day1/private/backups/20260530_060002-tu_day1-site_config_backup.json 149.0B
Database: /home/tund/study/day1/sites/tu.day1/private/backups/20260530_060002-tu_day1-database.sql.gz 251.6KiB
Backup for Site tu.day1 has been successfully completed
set -o pipefail; /usr/bin/mariadb-dump --user=_a59257981a557c44 --host=127.0.0.1 --port=3306 --password=********** --single-transaction --quick --lock-tables=false _a59257981a557c44 | /usr/bin/gzip >> ./tu.day1/private/backups/20260602_000002-tu_day1-database.sql.gz

Backup Summary for tu.day1 at 2026-06-02 00:00:03.922433
Config  : /home/tund/study/day1/sites/tu.day1/private/backups/20260602_000002-tu_day1-site_config_backup.json 216.0B
Database: /home/tund/study/day1/sites/tu.day1/private/backups/20260602_000002-tu_day1-database.sql.gz 268.3KiB
Backup for Site tu.day1 has been successfully completed
set -o pipefail; /usr/bin/mariadb-dump --user=_a59257981a557c44 --host=127.0.0.1 --port=3306 --password=********** --single-transaction --quick --lock-tables=false _a59257981a557c44 | /usr/bin/gzip >> ./tu.day1/private/backups/20260603_000002-tu_day1-database.sql.gz

Backup Summary for tu.day1 at 2026-06-03 00:00:05.320008
Config  : /home/tund/study/day1/sites/tu.day1/private/backups/20260603_000002-tu_day1-site_config_backup.json 216.0B
Database: /home/tund/study/day1/sites/tu.day1/private/backups/20260603_000002-tu_day1-database.sql.gz 291.9KiB
Backup for Site tu.day1 has been successfully completed
set -o pipefail; /usr/bin/mariadb-dump --user=_06331518cd853ea1 --host=127.0.0.1 --port=3306 --password=********** --single-transaction --quick --lock-tables=false _06331518cd853ea1 | /usr/bin/gzip >> ./tund.airline/private/backups/20260603_000005-tund_airline-database.sql.gz

Backup Summary for tund.airline at 2026-06-03 00:00:05.996870
Config  : /home/tund/study/day1/sites/tund.airline/private/backups/20260603_000005-tund_airline-site_config_backup.json 149.0B
Database: /home/tund/study/day1/sites/tund.airline/private/backups/20260603_000005-tund_airline-database.sql.gz 244.4KiB
Backup for Site tund.airline has been successfully completed
set -o pipefail; /usr/bin/mariadb-dump --user=_a59257981a557c44 --host=127.0.0.1 --port=3306 --password=********** --single-transaction --quick --lock-tables=false _a59257981a557c44 | /usr/bin/gzip >> ./tu.day1/private/backups/20260604_000011-tu_day1-database.sql.gz

Backup Summary for tu.day1 at 2026-06-04 00:00:13.257869
Config  : /home/tund/study/day1/sites/tu.day1/private/backups/20260604_000011-tu_day1-site_config_backup.json 216.0B
Database: /home/tund/study/day1/sites/tu.day1/private/backups/20260604_000011-tu_day1-database.sql.gz 292.3KiB
Backup for Site tu.day1 has been successfully completed
File ./tund.airline/private/backups/20260603_000005-tund_airline-site_config_backup.json is older than 23 hours
File ./tund.airline/private/backups/20260603_000005-tund_airline-database.sql.gz is older than 23 hours
set -o pipefail; /usr/bin/mariadb-dump --user=_06331518cd853ea1 --host=127.0.0.1 --port=3306 --password=********** --single-transaction --quick --lock-tables=false _06331518cd853ea1 | /usr/bin/gzip >> ./tund.airline/private/backups/20260604_000013-tund_airline-database.sql.gz

Backup Summary for tund.airline at 2026-06-04 00:00:14.090092
Config  : /home/tund/study/day1/sites/tund.airline/private/backups/20260604_000013-tund_airline-site_config_backup.json 149.0B
Database: /home/tund/study/day1/sites/tund.airline/private/backups/20260604_000013-tund_airline-database.sql.gz 244.9KiB
Backup for Site tund.airline has been successfully completed
set -o pipefail; /usr/bin/mariadb-dump --user=_a59257981a557c44 --host=127.0.0.1 --port=3306 --password=********** --single-transaction --quick --lock-tables=false _a59257981a557c44 | /usr/bin/gzip >> ./tu.day1/private/backups/20260606_120008-tu_day1-database.sql.gz

Backup Summary for tu.day1 at 2026-06-06 12:00:09.394573
Config  : /home/tund/study/day1/sites/tu.day1/private/backups/20260606_120008-tu_day1-site_config_backup.json 216.0B
Database: /home/tund/study/day1/sites/tu.day1/private/backups/20260606_120008-tu_day1-database.sql.gz 293.3KiB
Backup for Site tu.day1 has been successfully completed
File ./tund.airline/private/backups/20260604_000013-tund_airline-site_config_backup.json is older than 23 hours
File ./tund.airline/private/backups/20260604_000013-tund_airline-database.sql.gz is older than 23 hours
set -o pipefail; /usr/bin/mariadb-dump --user=_06331518cd853ea1 --host=127.0.0.1 --port=3306 --password=********** --single-transaction --quick --lock-tables=false _06331518cd853ea1 | /usr/bin/gzip >> ./tund.airline/private/backups/20260606_120009-tund_airline-database.sql.gz

Backup Summary for tund.airline at 2026-06-06 12:00:10.030507
Config  : /home/tund/study/day1/sites/tund.airline/private/backups/20260606_120009-tund_airline-site_config_backup.json 149.0B
Database: /home/tund/study/day1/sites/tund.airline/private/backups/20260606_120009-tund_airline-database.sql.gz 251.5KiB
Backup for Site tund.airline has been successfully completed
set -o pipefail; /usr/bin/mariadb-dump --user=_a59257981a557c44 --host=127.0.0.1 --port=3306 --password=********** --single-transaction --quick --lock-tables=false _a59257981a557c44 | /usr/bin/gzip >> ./tu.day1/private/backups/20260606_180002-tu_day1-database.sql.gz

Backup Summary for tu.day1 at 2026-06-06 18:00:02.981307
Config  : /home/tund/study/day1/sites/tu.day1/private/backups/20260606_180002-tu_day1-site_config_backup.json 216.0B
Database: /home/tund/study/day1/sites/tu.day1/private/backups/20260606_180002-tu_day1-database.sql.gz 292.5KiB
Backup for Site tu.day1 has been successfully completed
File ./tund.airline/private/backups/20260606_120009-tund_airline-site_config_backup.json is recent
File ./tund.airline/private/backups/20260606_120009-tund_airline-database.sql.gz is recent
set -o pipefail; /usr/bin/mariadb-dump --user=_06331518cd853ea1 --host=127.0.0.1 --port=3306 --password=********** --single-transaction --quick --lock-tables=false _06331518cd853ea1 | /usr/bin/gzip >> ./tund.airline/private/backups/20260606_180002-tund_airline-database.sql.gz

Backup Summary for tund.airline at 2026-06-06 18:00:03.441265
Config  : /home/tund/study/day1/sites/tund.airline/private/backups/20260606_180002-tund_airline-site_config_backup.json 149.0B
Database: /home/tund/study/day1/sites/tund.airline/private/backups/20260606_180002-tund_airline-database.sql.gz 290.3KiB
Backup for Site tund.airline has been successfully completed
set -o pipefail; /usr/bin/mariadb-dump --user=_a59257981a557c44 --host=127.0.0.1 --port=3306 --password=********** --single-transaction --quick --lock-tables=false _a59257981a557c44 | /usr/bin/gzip >> ./tu.day1/private/backups/20260607_000001-tu_day1-database.sql.gz

Backup Summary for tu.day1 at 2026-06-07 00:00:02.676480
Config  : /home/tund/study/day1/sites/tu.day1/private/backups/20260607_000001-tu_day1-site_config_backup.json 216.0B
Database: /home/tund/study/day1/sites/tu.day1/private/backups/20260607_000001-tu_day1-database.sql.gz 294.2KiB
Backup for Site tu.day1 has been successfully completed
File ./tund.airline/private/backups/20260606_180002-tund_airline-site_config_backup.json is recent
File ./tund.airline/private/backups/20260606_180002-tund_airline-database.sql.gz is recent
File ./tund.airline/private/backups/20260606_120009-tund_airline-site_config_backup.json is recent
File ./tund.airline/private/backups/20260606_120009-tund_airline-database.sql.gz is recent
set -o pipefail; /usr/bin/mariadb-dump --user=_06331518cd853ea1 --host=127.0.0.1 --port=3306 --password=********** --single-transaction --quick --lock-tables=false _06331518cd853ea1 | /usr/bin/gzip >> ./tund.airline/private/backups/20260607_000002-tund_airline-database.sql.gz

Backup Summary for tund.airline at 2026-06-07 00:00:03.733790
Config  : /home/tund/study/day1/sites/tund.airline/private/backups/20260607_000002-tund_airline-site_config_backup.json 149.0B
Database: /home/tund/study/day1/sites/tund.airline/private/backups/20260607_000002-tund_airline-database.sql.gz 297.4KiB
Backup for Site tund.airline has been successfully completed
set -o pipefail; /usr/bin/mariadb-dump --user=_a59257981a557c44 --host=127.0.0.1 --port=3306 --password=********** --single-transaction --quick --lock-tables=false _a59257981a557c44 | /usr/bin/gzip >> ./tu.day1/private/backups/20260607_120014-tu_day1-database.sql.gz

Backup Summary for tu.day1 at 2026-06-07 12:00:16.556455
Config  : /home/tund/study/day1/sites/tu.day1/private/backups/20260607_120014-tu_day1-site_config_backup.json 216.0B
Database: /home/tund/study/day1/sites/tu.day1/private/backups/20260607_120014-tu_day1-database.sql.gz 294.7KiB
Backup for Site tu.day1 has been successfully completed
File ./tund.airline/private/backups/20260607_000002-tund_airline-site_config_backup.json is recent
File ./tund.airline/private/backups/20260606_180002-tund_airline-site_config_backup.json is recent
File ./tund.airline/private/backups/20260606_180002-tund_airline-database.sql.gz is recent
File ./tund.airline/private/backups/20260606_120009-tund_airline-site_config_backup.json is older than 23 hours
File ./tund.airline/private/backups/20260607_000002-tund_airline-database.sql.gz is recent
File ./tund.airline/private/backups/20260606_120009-tund_airline-database.sql.gz is older than 23 hours
set -o pipefail; /usr/bin/mariadb-dump --user=_06331518cd853ea1 --host=127.0.0.1 --port=3306 --password=********** --single-transaction --quick --lock-tables=false _06331518cd853ea1 | /usr/bin/gzip >> ./tund.airline/private/backups/20260607_120018-tund_airline-database.sql.gz

Backup Summary for tund.airline at 2026-06-07 12:00:18.893622
Config  : /home/tund/study/day1/sites/tund.airline/private/backups/20260607_120018-tund_airline-site_config_backup.json 149.0B
Database: /home/tund/study/day1/sites/tund.airline/private/backups/20260607_120018-tund_airline-database.sql.gz 301.2KiB
Backup for Site tund.airline has been successfully completed
set -o pipefail; /usr/bin/mariadb-dump --user=_a59257981a557c44 --host=127.0.0.1 --port=3306 --password=********** --single-transaction --quick --lock-tables=false _a59257981a557c44 | /usr/bin/gzip >> ./tu.day1/private/backups/20260607_180001-tu_day1-database.sql.gz

Backup Summary for tu.day1 at 2026-06-07 18:00:02.483284
Config  : /home/tund/study/day1/sites/tu.day1/private/backups/20260607_180001-tu_day1-site_config_backup.json 216.0B
Database: /home/tund/study/day1/sites/tu.day1/private/backups/20260607_180001-tu_day1-database.sql.gz 296.0KiB
Backup for Site tu.day1 has been successfully completed
File ./tund.airline/private/backups/20260607_000002-tund_airline-site_config_backup.json is recent
File ./tund.airline/private/backups/20260606_180002-tund_airline-site_config_backup.json is older than 23 hours
File ./tund.airline/private/backups/20260606_180002-tund_airline-database.sql.gz is older than 23 hours
File ./tund.airline/private/backups/20260607_120018-tund_airline-site_config_backup.json is recent
File ./tund.airline/private/backups/20260607_120018-tund_airline-database.sql.gz is recent
File ./tund.airline/private/backups/20260607_000002-tund_airline-database.sql.gz is recent
set -o pipefail; /usr/bin/mariadb-dump --user=_06331518cd853ea1 --host=127.0.0.1 --port=3306 --password=********** --single-transaction --quick --lock-tables=false _06331518cd853ea1 | /usr/bin/gzip >> ./tund.airline/private/backups/20260607_180002-tund_airline-database.sql.gz

Backup Summary for tund.airline at 2026-06-07 18:00:03.380748
Config  : /home/tund/study/day1/sites/tund.airline/private/backups/20260607_180002-tund_airline-site_config_backup.json 173.0B
Database: /home/tund/study/day1/sites/tund.airline/private/backups/20260607_180002-tund_airline-database.sql.gz 333.6KiB
Backup for Site tund.airline has been successfully completed
set -o pipefail; /usr/bin/mariadb-dump --user=_a59257981a557c44 --host=127.0.0.1 --port=3306 --password=********** --single-transaction --quick --lock-tables=false _a59257981a557c44 | /usr/bin/gzip >> ./tu.day1/private/backups/20260608_000001-tu_day1-database.sql.gz

Backup Summary for tu.day1 at 2026-06-08 00:00:02.253056
Config  : /home/tund/study/day1/sites/tu.day1/private/backups/20260608_000001-tu_day1-site_config_backup.json 216.0B
Database: /home/tund/study/day1/sites/tu.day1/private/backups/20260608_000001-tu_day1-database.sql.gz 297.1KiB
Backup for Site tu.day1 has been successfully completed
File ./tund.airline/private/backups/20260607_000002-tund_airline-site_config_backup.json is older than 23 hours
File ./tund.airline/private/backups/20260607_120018-tund_airline-site_config_backup.json is recent
File ./tund.airline/private/backups/20260607_120018-tund_airline-database.sql.gz is recent
File ./tund.airline/private/backups/20260607_000002-tund_airline-database.sql.gz is older than 23 hours
File ./tund.airline/private/backups/20260607_180002-tund_airline-site_config_backup.json is recent
File ./tund.airline/private/backups/20260607_180002-tund_airline-database.sql.gz is recent
set -o pipefail; /usr/bin/mariadb-dump --user=_06331518cd853ea1 --host=127.0.0.1 --port=3306 --password=********** --single-transaction --quick --lock-tables=false _06331518cd853ea1 | /usr/bin/gzip >> ./tund.airline/private/backups/20260608_000002-tund_airline-database.sql.gz

Backup Summary for tund.airline at 2026-06-08 00:00:02.842565
Config  : /home/tund/study/day1/sites/tund.airline/private/backups/20260608_000002-tund_airline-site_config_backup.json 173.0B
Database: /home/tund/study/day1/sites/tund.airline/private/backups/20260608_000002-tund_airline-database.sql.gz 354.4KiB
Backup for Site tund.airline has been successfully completed
set -o pipefail; /usr/bin/mariadb-dump --user=_a59257981a557c44 --host=127.0.0.1 --port=3306 --password=********** --single-transaction --quick --lock-tables=false _a59257981a557c44 | /usr/bin/gzip >> ./tu.day1/private/backups/20260608_120006-tu_day1-database.sql.gz

Backup Summary for tu.day1 at 2026-06-08 12:00:06.910342
Config  : /home/tund/study/day1/sites/tu.day1/private/backups/20260608_120006-tu_day1-site_config_backup.json 216.0B
Database: /home/tund/study/day1/sites/tu.day1/private/backups/20260608_120006-tu_day1-database.sql.gz 298.1KiB
Backup for Site tu.day1 has been successfully completed
File ./tund.airline/private/backups/20260608_000002-tund_airline-database.sql.gz is recent
File ./tund.airline/private/backups/20260607_120018-tund_airline-site_config_backup.json is older than 23 hours
File ./tund.airline/private/backups/20260607_120018-tund_airline-database.sql.gz is older than 23 hours
File ./tund.airline/private/backups/20260608_000002-tund_airline-site_config_backup.json is recent
File ./tund.airline/private/backups/20260607_180002-tund_airline-site_config_backup.json is recent
File ./tund.airline/private/backups/20260607_180002-tund_airline-database.sql.gz is recent
set -o pipefail; /usr/bin/mariadb-dump --user=_06331518cd853ea1 --host=127.0.0.1 --port=3306 --password=********** --single-transaction --quick --lock-tables=false _06331518cd853ea1 | /usr/bin/gzip >> ./tund.airline/private/backups/20260608_120007-tund_airline-database.sql.gz

Backup Summary for tund.airline at 2026-06-08 12:00:08.614176
Config  : /home/tund/study/day1/sites/tund.airline/private/backups/20260608_120007-tund_airline-site_config_backup.json 173.0B
Database: /home/tund/study/day1/sites/tund.airline/private/backups/20260608_120007-tund_airline-database.sql.gz 367.5KiB
Backup for Site tund.airline has been successfully completed
