2026-05-28 21:56:46,219 DEBUG cd day1 && uv venv env --seed --python python3
2026-05-28 21:56:48,081 LOG Getting frappe
2026-05-28 21:56:48,081 DEBUG cd day1/apps && git clone https://github.com/frappe/frappe.git  --depth 1 --origin upstream
2026-05-28 21:56:56,886 LOG Installing frappe
2026-05-28 21:56:56,888 DEBUG cd /home/tund/study/day1 && uv pip install --quiet --upgrade -e /home/tund/study/day1/apps/frappe  --python /home/tund/study/day1/env/bin/python
2026-05-28 21:57:07,479 DEBUG cd /home/tund/study/day1/apps/frappe && yarn install --check-files
2026-05-28 21:58:13,242 DEBUG cd day1 && bench build
2026-05-28 21:58:13,372 INFO /home/tund/.local/bin/bench build
2026-05-28 21:58:40,239 LOG setting up backups
2026-05-28 21:58:40,750 LOG backups were set up
2026-05-28 21:58:40,750 INFO Bench day1 initialized
2026-05-28 21:59:16,827 INFO /home/tund/.local/bin/bench start
2026-05-28 21:59:17,260 INFO /home/tund/.local/bin/bench serve --port 8000
2026-05-28 21:59:17,318 INFO /home/tund/.local/bin/bench worker
2026-05-28 21:59:17,330 INFO /home/tund/.local/bin/bench watch
2026-05-28 21:59:17,334 INFO /home/tund/.local/bin/bench schedule
2026-05-28 22:00:55,222 INFO /home/tund/.local/bin/bench new-site tu.day1
2026-05-28 22:09:03,605 INFO /home/tund/.local/bin/bench start
2026-05-28 22:09:04,033 INFO /home/tund/.local/bin/bench serve --port 8000
2026-05-28 22:09:04,037 INFO /home/tund/.local/bin/bench schedule
2026-05-28 22:09:04,050 INFO /home/tund/.local/bin/bench worker
2026-05-28 22:09:04,060 INFO /home/tund/.local/bin/bench watch
2026-05-28 22:11:23,119 INFO /home/tund/.local/bin/bench use tu.day1
2026-05-28 22:11:39,078 INFO /home/tund/.local/bin/bench start
2026-05-28 22:11:39,480 INFO /home/tund/.local/bin/bench watch
2026-05-28 22:11:39,483 INFO /home/tund/.local/bin/bench serve --port 8000
2026-05-28 22:11:39,491 INFO /home/tund/.local/bin/bench worker
2026-05-28 22:11:39,518 INFO /home/tund/.local/bin/bench schedule
2026-05-29 00:00:02,066 INFO /home/tund/.local/bin/bench --verbose --site all backup
2026-05-29 00:15:24,524 INFO /home/tund/.local/bin/bench --site tund.day1 mariadb
2026-05-29 00:15:40,715 INFO /home/tund/.local/bin/bench --site tu.day1 mariadb
2026-05-29 00:26:24,526 INFO /home/tund/.local/bin/bench new-app rentals
2026-05-29 00:26:24,557 LOG creating new app rentals
2026-05-29 00:26:58,833 LOG Installing rentals
2026-05-29 00:26:58,836 DEBUG cd /home/tund/study/day1 && uv pip install --quiet --upgrade -e /home/tund/study/day1/apps/rentals  --python /home/tund/study/day1/env/bin/python
2026-05-29 00:27:00,365 WARNING cd /home/tund/study/day1 && uv pip install --quiet --upgrade -e /home/tund/study/day1/apps/rentals  --python /home/tund/study/day1/env/bin/python executed with exit code 2
2026-05-29 00:27:00,365 WARNING /home/tund/.local/bin/bench new-app rentals executed with exit code 167
2026-05-29 00:28:09,787 INFO /home/tund/.local/bin/bench new-app rentals
2026-05-29 00:28:09,791 LOG creating new app rentals
2026-05-29 00:28:44,965 LOG Installing rentals
2026-05-29 00:28:44,966 DEBUG cd /home/tund/study/day1 && uv pip install --quiet --upgrade -e /home/tund/study/day1/apps/rentals  --python /home/tund/study/day1/env/bin/python
2026-05-29 00:28:45,833 DEBUG bench build --app rentals
2026-05-29 00:28:45,950 INFO /home/tund/.local/bin/bench build --app rentals
2026-05-29 23:01:51,131 INFO /home/tund/.local/bin/bench start
2026-05-29 23:01:52,264 INFO /home/tund/.local/bin/bench serve --port 8000
2026-05-29 23:01:52,265 INFO /home/tund/.local/bin/bench schedule
2026-05-29 23:01:52,272 INFO /home/tund/.local/bin/bench worker
2026-05-29 23:01:52,280 INFO /home/tund/.local/bin/bench watch
2026-05-29 23:05:06,551 INFO /home/tund/.local/bin/bench --site tu.day1 set-config developer-mode 1
2026-05-29 23:06:36,695 INFO /home/tund/.local/bin/bench --site tu.day1 set-config developer-mode 1
2026-05-29 23:13:03,446 INFO /home/tund/.local/bin/bench code site_config.json
2026-05-29 23:19:56,589 INFO /home/tund/.local/bin/bench start
2026-05-29 23:19:56,962 INFO /home/tund/.local/bin/bench worker
2026-05-29 23:19:56,975 INFO /home/tund/.local/bin/bench serve --port 8000
2026-05-29 23:19:56,993 INFO /home/tund/.local/bin/bench schedule
2026-05-29 23:19:57,026 INFO /home/tund/.local/bin/bench watch
2026-05-29 23:21:26,964 INFO /home/tund/.local/bin/bench start
2026-05-29 23:21:27,347 INFO /home/tund/.local/bin/bench schedule
2026-05-29 23:21:27,405 INFO /home/tund/.local/bin/bench serve --port 8000
2026-05-29 23:21:27,413 INFO /home/tund/.local/bin/bench watch
2026-05-29 23:21:27,415 INFO /home/tund/.local/bin/bench worker
2026-05-29 23:22:58,946 INFO /home/tund/.local/bin/bench start
2026-05-29 23:22:59,343 INFO /home/tund/.local/bin/bench worker
2026-05-29 23:22:59,343 INFO /home/tund/.local/bin/bench schedule
2026-05-29 23:22:59,395 INFO /home/tund/.local/bin/bench serve --port 8000
2026-05-29 23:22:59,413 INFO /home/tund/.local/bin/bench watch
2026-05-30 00:00:01,893 INFO /home/tund/.local/bin/bench --verbose --site all backup
2026-05-30 06:00:01,830 INFO /home/tund/.local/bin/bench --verbose --site all backup
2026-05-30 06:35:15,127 INFO /home/tund/.local/bin/bench --site tu.day1 install-app rentals
2026-06-01 21:36:24,168 INFO /home/tund/.local/bin/bench start
2026-06-01 21:36:25,344 INFO /home/tund/.local/bin/bench watch
2026-06-01 21:36:25,344 INFO /home/tund/.local/bin/bench serve --port 8000
2026-06-01 21:36:25,344 INFO /home/tund/.local/bin/bench schedule
2026-06-01 21:36:25,344 INFO /home/tund/.local/bin/bench worker
2026-06-01 23:21:03,729 INFO /home/tund/.local/bin/bench --site tu.day1 clear-website-cache
2026-06-01 23:56:08,596 INFO /home/tund/.local/bin/bench --site tu.day1 clear-website-cache
2026-06-01 23:56:30,374 INFO /home/tund/.local/bin/bench --site tu.day1 console --autoreload
2026-06-02 00:00:01,696 INFO /home/tund/.local/bin/bench --verbose --site all backup
2026-06-02 00:30:01,884 INFO /home/tund/.local/bin/bench start
2026-06-02 00:31:35,948 INFO /home/tund/.local/bin/bench --site tund.airline set-config developer_mode 1
2026-06-02 00:32:24,281 INFO /home/tund/.local/bin/bench new-site tund.airline
2026-06-02 00:37:07,632 INFO /home/tund/.local/bin/bench site-list
2026-06-02 00:37:14,213 INFO /home/tund/.local/bin/bench site-list
2026-06-02 00:37:17,181 INFO /home/tund/.local/bin/bench
2026-06-02 00:37:44,881 INFO /home/tund/.local/bin/bench list-sites
2026-06-02 00:38:16,840 INFO /home/tund/.local/bin/bench --site tund.airline set-config developer_mode 1
2026-06-02 00:38:20,075 INFO /home/tund/.local/bin/bench list-sites
2026-06-02 00:38:41,116 INFO /home/tund/.local/bin/bench start
2026-06-02 00:39:14,816 INFO /home/tund/.local/bin/bench start
2026-06-02 00:39:15,217 INFO /home/tund/.local/bin/bench worker
2026-06-02 00:39:15,285 INFO /home/tund/.local/bin/bench serve --port 8000
2026-06-02 00:39:15,289 INFO /home/tund/.local/bin/bench watch
2026-06-02 00:39:15,300 INFO /home/tund/.local/bin/bench schedule
2026-06-02 20:59:41,384 INFO /home/tund/.local/bin/bench start
2026-06-02 20:59:42,327 INFO /home/tund/.local/bin/bench watch
2026-06-02 20:59:42,336 INFO /home/tund/.local/bin/bench worker
2026-06-02 20:59:42,340 INFO /home/tund/.local/bin/bench serve --port 8000
2026-06-02 20:59:42,345 INFO /home/tund/.local/bin/bench schedule
2026-06-02 22:31:26,596 INFO /home/tund/.local/bin/bench new-app airplane_mode
2026-06-02 22:31:26,600 LOG creating new app airplane_mode
2026-06-02 22:32:35,971 WARNING /home/tund/.local/bin/bench new-app airplane_mode executed with exit code 1
2026-06-02 22:32:37,821 INFO /home/tund/.local/bin/bench new-app airplane_mode
2026-06-02 22:32:37,825 LOG creating new app airplane_mode
2026-06-02 22:33:05,638 LOG Installing airplane_mode
2026-06-02 22:33:05,638 DEBUG cd /home/tund/study/day1 && uv pip install --quiet --upgrade -e /home/tund/study/day1/apps/airplane_mode  --python /home/tund/study/day1/env/bin/python
2026-06-02 22:33:07,938 DEBUG bench build --app airplane_mode
2026-06-02 22:33:08,063 INFO /home/tund/.local/bin/bench build --app airplane_mode
2026-06-02 22:35:08,131 INFO /home/tund/.local/bin/bench --site tund.airline install-app airplane_mode
2026-06-02 22:37:56,837 INFO /home/tund/.local/bin/bench clear-cache
2026-06-02 22:38:08,626 INFO /home/tund/.local/bin/bench restart
2026-06-02 22:38:45,581 INFO /home/tund/.local/bin/bench start
2026-06-02 22:38:45,990 INFO /home/tund/.local/bin/bench watch
2026-06-02 22:38:45,996 INFO /home/tund/.local/bin/bench worker
2026-06-02 22:38:46,053 INFO /home/tund/.local/bin/bench serve --port 8000
2026-06-02 22:38:46,065 INFO /home/tund/.local/bin/bench schedule
2026-06-02 22:39:57,735 INFO /home/tund/.local/bin/bench
2026-06-02 22:40:07,232 INFO /home/tund/.local/bin/bench list-sites
2026-06-02 22:41:47,737 INFO /home/tund/.local/bin/bench --site tund.airline install-app airplane_mode
2026-06-02 22:41:52,942 INFO /home/tund/.local/bin/bench --site tund.airline migrate
2026-06-02 22:42:00,883 INFO /home/tund/.local/bin/bench --site tund.airline clear-cache
2026-06-02 22:42:06,407 INFO /home/tund/.local/bin/bench use tund.airline
2026-06-02 22:42:12,030 INFO /home/tund/.local/bin/bench start
2026-06-02 22:42:12,431 INFO /home/tund/.local/bin/bench serve --port 8000
2026-06-02 22:42:12,441 INFO /home/tund/.local/bin/bench worker
2026-06-02 22:42:12,452 INFO /home/tund/.local/bin/bench watch
2026-06-02 22:42:12,527 INFO /home/tund/.local/bin/bench schedule
2026-06-02 22:45:28,800 INFO /home/tund/.local/bin/bench --site tund.airline set-config developer_mode 1
2026-06-02 22:45:40,768 INFO /home/tund/.local/bin/bench --site tund.airline clear-cache
2026-06-02 22:51:05,122 INFO /home/tund/.local/bin/bench --site tund.airline install-app airplane_mode.
2026-06-02 22:58:13,527 INFO /home/tund/.local/bin/bench --site tund.airline set-config developer_mode 1
2026-06-02 22:58:14,049 INFO /home/tund/.local/bin/bench --site tund.airline clear-cache
2026-06-02 22:58:22,807 INFO /home/tund/.local/bin/bench --site tund.airline install-app airplane_mode
2026-06-02 23:05:30,874 INFO /home/tund/.local/bin/bench --site tund.airline migrate
2026-06-02 23:06:07,756 INFO /home/tund/.local/bin/bench --site tund.airline install-app airplane_mode
2026-06-03 00:00:02,112 INFO /home/tund/.local/bin/bench --verbose --site all backup
2026-06-04 00:00:04,435 INFO /home/tund/.local/bin/bench --verbose --site all backup
2026-06-04 22:04:13,149 INFO /home/tund/.local/bin/bench start
2026-06-04 22:04:14,421 INFO /home/tund/.local/bin/bench serve --port 8000
2026-06-04 22:04:14,435 INFO /home/tund/.local/bin/bench schedule
2026-06-04 22:04:14,439 INFO /home/tund/.local/bin/bench watch
2026-06-04 22:04:14,447 INFO /home/tund/.local/bin/bench worker
2026-06-04 22:36:45,916 INFO /home/tund/.local/bin/bench
2026-06-04 22:37:00,313 INFO /home/tund/.local/bin/bench list--sites
2026-06-04 22:37:16,220 INFO /home/tund/.local/bin/bench list-sites
2026-06-04 22:37:41,088 INFO /home/tund/.local/bin/bench --site tund.airline install-app Rentals
2026-06-04 22:37:56,407 INFO /home/tund/.local/bin/bench --site tund.airline install-app rentals
2026-06-06 12:00:01,856 INFO /home/tund/.local/bin/bench --verbose --site all backup
2026-06-06 12:06:41,892 INFO /home/tund/.local/bin/bench start
2026-06-06 12:06:42,380 INFO /home/tund/.local/bin/bench worker
2026-06-06 12:06:42,380 INFO /home/tund/.local/bin/bench watch
2026-06-06 12:06:42,409 INFO /home/tund/.local/bin/bench serve --port 8000
2026-06-06 12:06:42,411 INFO /home/tund/.local/bin/bench schedule
2026-06-06 12:20:29,028 INFO /home/tund/.local/bin/bench --site tund.airline migrate
2026-06-06 12:20:52,926 INFO /home/tund/.local/bin/bench --site tu.day1 migrate
2026-06-06 12:28:38,531 INFO /home/tund/.local/bin/bench --site tund.airline migrate
2026-06-06 12:28:51,389 INFO /home/tund/.local/bin/bench --site tu.day1 migrate
2026-06-06 12:31:21,832 INFO /home/tund/.local/bin/bench --site tu.day1 migrate
2026-06-06 12:31:35,029 INFO /home/tund/.local/bin/bench --site tund.airline migrate
2026-06-06 12:53:33,236 INFO /home/tund/.local/bin/bench --tie
2026-06-06 12:53:39,868 INFO /home/tund/.local/bin/bench --site
2026-06-06 12:55:56,759 INFO /home/tund/.local/bin/bench --site tund.airline migrate
2026-06-06 12:56:49,856 INFO /home/tund/.local/bin/bench --site tu.day1 migrate
2026-06-06 12:56:59,300 INFO /home/tund/.local/bin/bench --site tund.airline migrate
2026-06-06 13:00:11,355 INFO /home/tund/.local/bin/bench --site tund.airline migrate
2026-06-06 13:07:38,764 INFO /home/tund/.local/bin/bench --site tund.airline migrate
2026-06-06 13:07:49,662 INFO /home/tund/.local/bin/bench --site tund.airline migrate
2026-06-06 13:10:25,011 INFO /home/tund/.local/bin/bench --site tund.airline migrate
2026-06-06 13:14:33,084 INFO /home/tund/.local/bin/bench --site tund.airline migrate
2026-06-06 15:21:37,762 INFO /home/tund/.local/bin/bench --site tund.airline mariadb
2026-06-06 18:00:02,140 INFO /home/tund/.local/bin/bench --verbose --site all backup
2026-06-07 00:00:01,404 INFO /home/tund/.local/bin/bench --verbose --site all backup
2026-06-07 12:00:04,157 INFO /home/tund/.local/bin/bench --verbose --site all backup
2026-06-07 12:03:35,572 INFO /home/tund/.local/bin/bench start
2026-06-07 12:03:36,251 INFO /home/tund/.local/bin/bench serve --port 8000
2026-06-07 12:03:36,267 INFO /home/tund/.local/bin/bench schedule
2026-06-07 12:03:36,280 INFO /home/tund/.local/bin/bench worker
2026-06-07 12:03:36,291 INFO /home/tund/.local/bin/bench watch
2026-06-07 13:51:48,397 INFO /home/tund/.local/bin/bench --site tund.airline maintenance-mode off
2026-06-07 13:52:00,788 INFO /home/tund/.local/bin/bench --site tund.airline set-maintenance-mode off
2026-06-07 15:32:13,239 INFO /home/tund/.local/bin/bench add-frappe-ui
2026-06-07 15:32:29,349 INFO /home/tund/.local/bin/bench add-frappe-ui
2026-06-07 15:33:43,331 INFO /home/tund/.local/bin/bench add-frappe-ui
2026-06-07 15:33:46,451 INFO /home/tund/.local/bin/bench add-frappe-ui
2026-06-07 15:34:12,645 INFO /home/tund/.local/bin/bench
2026-06-07 15:35:47,258 INFO /home/tund/.local/bin/bench add-frappe-ui
2026-06-07 15:35:51,989 INFO /home/tund/.local/bin/bench
2026-06-07 17:20:38,667 INFO /home/tund/.local/bin/bench list-sites
2026-06-07 17:25:31,147 INFO /home/tund/.local/bin/bench --site tund.airline execute seed.run
2026-06-07 17:25:38,340 INFO /home/tund/.local/bin/bench --site tund.airline execute seeds.run
2026-06-07 17:27:26,216 INFO /home/tund/.local/bin/bench --site tund.airline execute seeds.run
2026-06-07 17:27:29,988 INFO /home/tund/.local/bin/bench --site tund.airline execute seed.run
2026-06-07 17:30:01,708 INFO /home/tund/.local/bin/bench --site tund.airline execute seed.run
2026-06-07 17:30:29,074 INFO /home/tund/.local/bin/bench --site tund.airline execute seed.run
2026-06-07 17:30:39,721 INFO /home/tund/.local/bin/bench --site tund.airline execute import airplane_mode.seed; airplane_mode.seed.run()
2026-06-07 17:31:06,110 INFO /home/tund/.local/bin/bench --site tund.airline execute seed.run
2026-06-07 17:32:09,112 INFO /home/tund/.local/bin/bench --site tund.airline execute airplane_mode.seed.run
2026-06-07 17:35:00,804 INFO /home/tund/.local/bin/bench --site tund.airline execute airplane_mode.seed.run
2026-06-07 17:36:27,656 INFO /home/tund/.local/bin/bench --site tund.airline execute airplane_mode.seed.run
2026-06-07 17:38:22,173 INFO /home/tund/.local/bin/bench --site tund.airline execute airplane_mode.seed.run
2026-06-07 17:40:02,100 INFO /home/tund/.local/bin/bench --site tund.airline execute airplane_mode.seed.run
2026-06-07 17:40:58,092 INFO /home/tund/.local/bin/bench --site tund.airline execute airplane_mode.seed.run
2026-06-07 17:42:00,272 INFO /home/tund/.local/bin/bench --site tund.airline execute airplane_mode.seed.run
2026-06-07 17:46:11,157 INFO /home/tund/.local/bin/bench --site tund.airline execute airplane_mode.seed.run
2026-06-07 17:47:25,131 INFO /home/tund/.local/bin/bench --site tund.airline execute airplane_mode.seed.run
2026-06-07 17:48:24,495 INFO /home/tund/.local/bin/bench --site tund.airline execute airplane_mode.seed.run
2026-06-07 17:49:05,051 INFO /home/tund/.local/bin/bench --site tund.airline execute airplane_mode.seed.run
2026-06-07 18:00:01,213 INFO /home/tund/.local/bin/bench --verbose --site all backup
2026-06-07 18:01:23,480 INFO /home/tund/.local/bin/bench --site tund.airline run-patch airplane_mode.patches.populate_seats
2026-06-07 19:03:20,077 INFO /home/tund/.local/bin/bench --site tund.airline migrate
2026-06-07 19:03:34,864 INFO /home/tund/.local/bin/bench --site tund.airline migrate
2026-06-07 19:06:18,964 INFO /home/tund/.local/bin/bench --site tund.airline migrate
2026-06-07 19:08:42,089 INFO /home/tund/.local/bin/bench --site tund.airline migrate
2026-06-07 19:13:53,021 INFO /home/tund/.local/bin/bench --site tund.airline migrate
2026-06-07 19:15:08,690 INFO /home/tund/.local/bin/bench --site tund.airline run-patch airplane_mode.patches.populate_seats
2026-06-07 19:16:30,777 INFO /home/tund/.local/bin/bench --site tund.airline execute airplane_mode.patches.populate_seats.execute
2026-06-07 23:53:11,593 INFO /home/tund/.local/bin/bench --site tund.airline clear-cache
2026-06-08 00:00:01,313 INFO /home/tund/.local/bin/bench --verbose --site all backup
2026-06-08 00:02:47,196 INFO /home/tund/.local/bin/bench --site tund.airline clear-cache
2026-06-08 00:06:14,233 INFO /home/tund/.local/bin/bench --site tund.airline clear-cache
2026-06-08 12:00:01,891 INFO /home/tund/.local/bin/bench --verbose --site all backup
2026-06-08 12:06:16,264 INFO /home/tund/.local/bin/bench start
2026-06-08 12:06:16,951 INFO /home/tund/.local/bin/bench schedule
2026-06-08 12:06:16,956 INFO /home/tund/.local/bin/bench serve --port 8000
2026-06-08 12:06:16,968 INFO /home/tund/.local/bin/bench watch
2026-06-08 12:06:16,970 INFO /home/tund/.local/bin/bench worker
2026-06-08 14:06:37,432 INFO /home/tund/.local/bin/bench --site tund.airline console
2026-06-08 14:45:27,832 INFO /home/tund/.local/bin/bench schedule
2026-06-08 17:02:47,082 INFO /home/tund/.local/bin/bench --site tund.airline backup --with-files
2026-06-08 17:04:16,340 INFO /home/tund/.local/bin/bench update
2026-06-08 17:04:18,816 WARNING shallow_clone is set in your bench config.
However without passing the --reset flag, your repositories will be unshallowed.
To avoid this, cancel this operation and run `bench update --reset`.

Consider the consequences of `git reset --hard` on your apps before you run that.
To avoid seeing this warning, set shallow_clone to false in your common_site_config.json
		
2026-06-08 17:04:31,630 WARNING /home/tund/.local/bin/bench update executed with exit code 1
2026-06-08 17:04:53,660 INFO /home/tund/.local/bin/bench update --help
